// Jest Snapshot v1, https://goo.gl/fbAQLP

exports[`renders a header 1`] = `
<h1>
  My Counter
</h1>
`;
